LENOVO@DESKTOP-NIRDJOO MINGW64 ~
$ cd OneDrive

LENOVO@DESKTOP-NIRDJOO MINGW64 ~/OneDrive
$ cd Desktop

LENOVO@DESKTOP-NIRDJOO MINGW64 ~/OneDrive/Desktop
$ cd Assignments

LENOVO@DESKTOP-NIRDJOO MINGW64 ~/OneDrive/Desktop/Assignments (master)
$ git init
Reinitialized existing Git repository in C:/Users/LENOVO/OneDrive/Desktop/Assignments/.git/

LENOVO@DESKTOP-NIRDJOO MINGW64 ~/OneDrive/Desktop/Assignments (master)
$ git branch css-assignments

LENOVO@DESKTOP-NIRDJOO MINGW64 ~/OneDrive/Desktop/Assignments (master)
$ git checkout css-assignments
Switched to branch 'css-assignments'

LENOVO@DESKTOP-NIRDJOO MINGW64 ~/OneDrive/Desktop/Assignments (css-assignments)
$ git status
On branch css-assignments
Untracked files:
  (use "git add <file>..." to include in what will be committed)
        section1.txt

nothing added to commit but untracked files present (use "git add" to track)

LENOVO@DESKTOP-NIRDJOO MINGW64 ~/OneDrive/Desktop/Assignments (css-assignments)
$ git status
On branch css-assignments
Untracked files:
  (use "git add <file>..." to include in what will be committed)
        CSS1.css
        CSS2.css

nothing added to commit but untracked files present (use "git add" to track)

LENOVO@DESKTOP-NIRDJOO MINGW64 ~/OneDrive/Desktop/Assignments (css-assignments)
$ git add *.css

LENOVO@DESKTOP-NIRDJOO MINGW64 ~/OneDrive/Desktop/Assignments (css-assignments)
$ git commit -m "css files are added"
[css-assignments a0378bf] css files are added
 2 files changed, 2 insertions(+)
 create mode 100644 CSS1.css
 create mode 100644 CSS2.css

LENOVO@DESKTOP-NIRDJOO MINGW64 ~/OneDrive/Desktop/Assignments (css-assignments)
$ git status
On branch css-assignments
Changes not staged for commit:
  (use "git add <file>..." to update what will be committed)
  (use "git restore <file>..." to discard changes in working directory)
        modified:   README.txt

no changes added to commit (use "git add" and/or "git commit -a

LENOVO@DESKTOP-NIRDJOO MINGW64 ~/OneDrive/Desktop/Assignments (css-assignments)
$ git add README.txt

LENOVO@DESKTOP-NIRDJOO MINGW64 ~/OneDrive/Desktop/Assignments (css-assignments)
$ git commit -m "changed the README"
[css-assignments c9ce8a8] changed the README
 1 file changed, 1 insertion(+)

LENOVO@DESKTOP-NIRDJOO MINGW64 ~/OneDrive/Desktop/Assignments (css-assignments)
$ git checkout master
Switched to branch 'master'

LENOVO@DESKTOP-NIRDJOO MINGW64 ~/OneDrive/Desktop/Assignments (master)
$ git status
On branch master
nothing to commit, working tree clean

LENOVO@DESKTOP-NIRDJOO MINGW64 ~/OneDrive/Desktop/Assignments (master)
$ git status
On branch master
Changes not staged for commit:
  (use "git add <file>..." to update what will be committed)
  (use "git restore <file>..." to discard changes in working directory)
        modified:   README.txt

no changes added to commit (use "git add" and/or "git commit -a")

LENOVO@DESKTOP-NIRDJOO MINGW64 ~/OneDrive/Desktop/Assignments (master)
$ git add README.txt

LENOVO@DESKTOP-NIRDJOO MINGW64 ~/OneDrive/Desktop/Assignments (master)
$ git commit -m "changed README file"
[master 90c5795] changed README file
 1 file changed, 3 insertions(+)

LENOVO@DESKTOP-NIRDJOO MINGW64 ~/OneDrive/Desktop/Assignments (master)
$

LENOVO@DESKTOP-NIRDJOO MINGW64 ~/OneDrive/Desktop/Assignments (master)
$ git checkout css-assignments
Switched to branch 'css-assignments'

LENOVO@DESKTOP-NIRDJOO MINGW64 ~/OneDrive/Desktop/Assignments (css-assignments)
$ git status
On branch css-assignments
nothing to commit, working tree clean

LENOVO@DESKTOP-NIRDJOO MINGW64 ~/OneDrive/Desktop/Assignments (css-assignments)
$ git add *.css

LENOVO@DESKTOP-NIRDJOO MINGW64 ~/OneDrive/Desktop/Assignments (css-assignments)
$ git status
On branch css-assignments
Changes not staged for commit:
  (use "git add <file>..." to update what will be committed)
  (use "git restore <file>..." to discard changes in working directory)
        modified:   CSS1.css
        modified:   CSS2.css

no changes added to commit (use "git add" and/or "git commit -a")

LENOVO@DESKTOP-NIRDJOO MINGW64 ~/OneDrive/Desktop/Assignments (css-assignments)
$ git add *.css

LENOVO@DESKTOP-NIRDJOO MINGW64 ~/OneDrive/Desktop/Assignments (css-assignments)
$ git commit -m "2 css files are edited"
[css-assignments dd779e5] 2 css files are edited
 2 files changed, 16 insertions(+), 2 deletions(-)

LENOVO@DESKTOP-NIRDJOO MINGW64 ~/OneDrive/Desktop/Assignments (css-assignments)
$ git checkout master
Switched to branch 'master'

LENOVO@DESKTOP-NIRDJOO MINGW64 ~/OneDrive/Desktop/Assignments (master)
$ git merge css-assignments
Auto-merging README.txt
CONFLICT (content): Merge conflict in README.txt
Automatic merge failed; fix conflicts and then commit the result.

LENOVO@DESKTOP-NIRDJOO MINGW64 ~/OneDrive/Desktop/Assignments (master|MERGING)
$ git status
On branch master
You have unmerged paths.
  (fix conflicts and run "git commit")
  (use "git merge --abort" to abort the merge)

Changes to be committed:
        new file:   CSS1.css
        new file:   CSS2.css

Unmerged paths:
  (use "git add <file>..." to mark resolution)
        both modified:   README.txt


LENOVO@DESKTOP-NIRDJOO MINGW64 ~/OneDrive/Desktop/Assignments (master|MERGING)
$ git add README.txt

LENOVO@DESKTOP-NIRDJOO MINGW64 ~/OneDrive/Desktop/Assignments (master|MERGING)
$ git commit -m "Changes are made in README file"
[master 731b6b9] Changes are made in README file

LENOVO@DESKTOP-NIRDJOO MINGW64 ~/OneDrive/Desktop/Assignments (master)
$ git merge css-assignemnts
merge: css-assignemnts - not something we can merge

LENOVO@DESKTOP-NIRDJOO MINGW64 ~/OneDrive/Desktop/Assignments (master)
$ git commit -m "merging issue solved"
On branch master
nothing to commit, working tree clean

LENOVO@DESKTOP-NIRDJOO MINGW64 ~/OneDrive/Desktop/Assignments (master)
$ git add README.txt

LENOVO@DESKTOP-NIRDJOO MINGW64 ~/OneDrive/Desktop/Assignments (master)
$ git status
On branch master
Changes to be committed:
  (use "git restore --staged <file>..." to unstage)
        modified:   README.txt


LENOVO@DESKTOP-NIRDJOO MINGW64 ~/OneDrive/Desktop/Assignments (master)
$ git commit -m "merging issue is solved"
[master 31918e5] merging issue is solved
 1 file changed, 1 deletion(-)

LENOVO@DESKTOP-NIRDJOO MINGW64 ~/OneDrive/Desktop/Assignments (master)
$ git merge css-assignments
Already up to date.

LENOVO@DESKTOP-NIRDJOO MINGW64 ~/OneDrive/Desktop/Assignments (master)
$ git branch -d css-assignments
Deleted branch css-assignments (was dd779e5).

LENOVO@DESKTOP-NIRDJOO MINGW64 ~/OneDrive/Desktop/Assignments (master)
$
